dae7561d118741fda742af9baf0d168d,NS:TEST2,NS:ORG,2024-06-03T09:17:00.042Z
15c8910e973746c7b009e51df0460071,NS:TEST3,NS:ORG,2024-06-25T12:51:23.931Z
4e075c56d565481eb83af8a3b4c681b8,NS:TEST,NS:ORG,2024-05-28T16:35:43.617Z
